node.exe : - 
Building...
At C:\Users\jkhal\A
ppData\Roaming\npm\
ng.ps1:24 char:5
+     & "node$exe" 
 "$basedir/node_mod
ules/@angular/cli/b
in/ng.js" $arg ...
+     ~~~~~~~~~~~~~
~~~~~~~~~~~~~~~~~~~
~~~~~~~~~~~~~~~~~~~
~~~~~~~~~~~~~~
    + CategoryInfo 
             : No  
  tSpecified: (-   
  Building...:S    
tring) [], Rem    
oteException
    + FullyQualifi 
   edErrorId : Na  
  tiveCommandErr   
 or
 

Initial chunk files   | Names              |  Raw size | Estimated transfer size
styles-2AHXFY7H.css   | styles             | 328.62 kB |                30.84 kB
chunk-3AU3ISWY.js     | -                  | 235.71 kB |                62.80 kB
main-4NK2ZSBD.js      | main               |  65.20 kB |                17.11 kB
polyfills-FFHMD2TL.js | polyfills          |  33.71 kB |                11.02 kB
chunk-TCMVCOPI.js     | -                  |   2.13 kB |               777 bytes

                      | Initial total      | 665.37 kB |               122.52 kB

Lazy chunk files      | Names              |  Raw size | Estimated transfer size
chunk-A7PDLFOW.js     | auth-module        |  54.88 kB |                10.33 kB
chunk-IJSIR527.js     | dashboard-module   |  14.43 kB |                 2.58 kB
chunk-PUB3PWE7.js     | user-module        |   5.98 kB |                 1.35 kB
chunk-DR43QMD5.js     | admin-module       |   2.81 kB |               884 bytes
chunk-5SQDDX5U.js     | super-admin-module |   2.66 kB |               837 bytes

Application bundle generation failed. [10.179 seconds]

ظû▓ [WARNING] 
bundle initial 
exceeded maximum 
budget. Budget 
500.00 kB was not 
met by 165.37 kB 
with a total of 
665.37 kB.


ظû▓ [WARNING] angul
ar:styles/component
:scss;cfa99f43ab67a
4a96362e7333b1befa0
b9858a1821c844c4689
4d3faacc63a68;D:/Qu
andInsight/QuadInsi
ght-QR-Front/src/ap
p/features/user/use
r.component.ts 
exceeded maximum 
budget. Budget 
2.00 kB was not 
met by 379 bytes 
with a total of 
2.37 kB.


ظû▓ [WARNING] src/a
pp/features/dashboa
rd/dashboard.compon
ent.scss exceeded 
maximum budget. 
Budget 2.00 kB was 
not met by 3.52 kB 
with a total of 
5.52 kB.


ظû▓ [WARNING] css-i
nline-fonts:https:/
/fonts.googleapis.c
om/css2?family=Popp
ins:wght@300;400;50
0;600;700&display=s
wap exceeded 
maximum budget. 
Budget 2.00 kB was 
not met by 11.51 
kB with a total of 
13.51 kB.


ظû▓ [WARNING] 1 
rules skipped due 
to selector errors:
  .form-floating>~l
abel -> Did not 
expect successive 
traversals.


X [ERROR] src/app/f
eatures/dashboard/d
ashboard.component.
scss exceeded 
maximum budget. 
Budget 4.00 kB was 
not met by 1.52 kB 
with a total of 
5.52 kB.


X [ERROR] css-inlin
e-fonts:https://fon
ts.googleapis.com/c
ss2?family=Poppins:
wght@300;400;500;60
0;700&display=swap 
exceeded maximum 
budget. Budget 
4.00 kB was not 
met by 9.51 kB 
with a total of 
13.51 kB.


